[jobify-demos.astoundify.com/extended/index.html]
[backblue.gif]
[fade.gif]
[index.html]
[17314-presscdn-0-16-pagely.netdna-ssl.com/extended/wp-content/plugins/woocommerce/assets/css/woocommerce-layout8571.css]
[17314-presscdn-0-16-pagely.netdna-ssl.com/extended/wp-content/plugins/woocommerce/assets/css/woocommerce-smallscreen8571.css]
[jobify-demos.astoundify.com/extended/comments/feed/index.html]
[jobify-demos.astoundify.com/extended/feed/index.html]
[17314-presscdn-0-16-pagely.netdna-ssl.com/extended/wp-content/plugins/wp-job-manager-apply-with-facebook/assets/css/frontend66f2.css]
[17314-presscdn-0-16-pagely.netdna-ssl.com/extended/wp-content/plugins/wp-job-manager-bookmarks/assets/css/frontend66f2.css]
[17314-presscdn-0-16-pagely.netdna-ssl.com/extended/wp-content/plugins/wp-job-manager-tags/assets/css/style66f2.css]
[17314-presscdn-0-16-pagely.netdna-ssl.com/extended/wp-content/plugins/wp-job-manager-wc-paid-listings/assets/css/packages66f2.css]
[17314-presscdn-0-16-pagely.netdna-ssl.com/extended/wp-content/plugins/woocommerce-social-login/assets/css/frontend/wc-social-login.min4c56.css]
[17314-presscdn-0-16-pagely.netdna-ssl.com/extended/wp-content/themes/jobify/style1ba6.css]
[17314-presscdn-0-16-pagely.netdna-ssl.com/extended/wp-content/themes/jobify-premium/style66f2.css]
[17314-presscdn-0-16-pagely.netdna-ssl.com/extended/wp-content/plugins/jetpack-sharing/sharedaddy/sharing5219.css]
[17314-presscdn-0-16-pagely.netdna-ssl.com/extended/wp-content/plugins/jetpack-sharing/genericons/genericons/genericons128b.css]
[17314-presscdn-0-16-pagely.netdna-ssl.com/extended/wp-includes/js/jquery/jqueryb8ff.js]
[17314-presscdn-0-16-pagely.netdna-ssl.com/extended/wp-includes/js/jquery/jquery-migrate.min330a.js]
[17314-presscdn-0-16-pagely.netdna-ssl.com/extended/wp-content/plugins/woocommerce-social-login/assets/js/frontend/wc-social-login.min4c56.js]
[jobify-demos.astoundify.com/extended/xmlrpc0db0.php]
[jobify-demos.astoundify.com/extended/wp-json/oembed/1.0/embed24de.json]
[jobify-demos.astoundify.com/extended/wp-json/index.html]
[jobify-demos.astoundify.com/extended/wp-json/oembed/1.0/embed5923]
[17314-presscdn-0-16-pagely.netdna-ssl.com/extended/wp-content/uploads/sites/3/2016/04/cropped-favicon-premium-32x32.png]
[17314-presscdn-0-16-pagely.netdna-ssl.com/extended/wp-content/uploads/sites/3/2016/04/cropped-favicon-premium-192x192.png]
[17314-presscdn-0-16-pagely.netdna-ssl.com/extended/wp-content/uploads/sites/3/2016/04/cropped-favicon-premium-180x180.png]
[17314-presscdn-0-16-pagely.netdna-ssl.com/extended/wp-content/uploads/sites/3/2016/04/home-header-people-hero.jpg]
[jobify-demos.astoundify.com/extended/how-it-works/index.html]
[jobify-demos.astoundify.com/extended/pricing/index.html]
[jobify-demos.astoundify.com/extended/find-a-job/index.html]
[17314-presscdn-0-16-pagely.netdna-ssl.com/extended/wp-content/uploads/sites/3/2014/03/squarespace-spotlight.16.delayed]
[jobify-demos.astoundify.com/extended/companies/index.html]
[jobify-demos.astoundify.com/extended/submit-your-resume/index.html]
[jobify-demos.astoundify.com/extended/candidate-dashboard/index.html]
[jobify-demos.astoundify.com/extended/find-a-candidate/index.html]
[jobify-demos.astoundify.com/extended/job-dashboard/index.html]
[jobify-demos.astoundify.com/extended/post-a-job/index.html]
[jobify-demos.astoundify.com/extended/blog/index.html]
[17314-presscdn-0-16-pagely.netdna-ssl.com/extended/wp-content/uploads/sites/3/2014/03/airbnb-spotlight.jpg]
[jobify-demos.astoundify.com/extended/cart-2/index.html]
[jobify-demos.astoundify.com/extended/shop/index.html]
[jobify-demos.astoundify.com/extended/frequently-asked-questions/index.html]
[jobify-demos.astoundify.com/extended/testimonials/index.html]
[17314-presscdn-0-16-pagely.netdna-ssl.com/extended/wp-content/uploads/sites/3/2014/03/shopify-spotlight.18.delayed]
[jobify-demos.astoundify.com/extended/privacy-policy/index.html]
[jobify-demos.astoundify.com/extended/terms-and-conditions/index.html]
[jobify-demos.astoundify.com/extended/signup/index.html]
[jobify-demos.astoundify.com/premium/wp-content/uploads/sites/3/2013/07/avartar-image1.jpg]
[jobify-demos.astoundify.com/extended/job/surround/index.html]
[jobify-demos.astoundify.com/extended/my-account/index.html]
[jobify-demos.astoundify.com/extended/job/art-director/index.html]
[17314-presscdn-0-16-pagely.netdna-ssl.com/extended/wp-content/uploads/sites/3/2013/07/avatar-image-7.jpg]
[jobify-demos.astoundify.com/extended/resume/jennifer-smith/index.html]
[17314-presscdn-0-16-pagely.netdna-ssl.com/extended/wp-content/uploads/sites/3/2013/07/avatar-image-4.jpg]
[jobify-demos.astoundify.com/extended/job/senior-ux-designer/index.html]
[jobify-demos.astoundify.com/extended/resume/sandy-miranda/index.html]
[jobify-demos.astoundify.com/extended/resume/paul-richards/index.html]
[17314-presscdn-0-16-pagely.netdna-ssl.com/extended/wp-content/uploads/sites/3/2016/04/browse-tons-of-jobs.jpg]
[17314-presscdn-0-16-pagely.netdna-ssl.com/extended/wp-content/uploads/sites/3/2016/04/hero-home-header.jpg]
[17314-presscdn-0-16-pagely.netdna-ssl.com/extended/wp-content/plugins/woocommerce/assets/js/frontend/add-to-cart.min8571.js]
[17314-presscdn-0-16-pagely.netdna-ssl.com/extended/wp-content/plugins/woocommerce/assets/js/jquery-blockui/jquery.blockUI.min44fd.js]
[jobify-demos.astoundify.com/extended/jobs/index.html]
[17314-presscdn-0-16-pagely.netdna-ssl.com/extended/wp-content/plugins/woocommerce/assets/js/js-cookie/js.cookie.min6b25.js]
[jobify-demos.astoundify.com/extended/canada-adds-12500-jobs-in-modest-july-rebound/index.html]
[jobify-demos.astoundify.com/extended/login/index.html]
[17314-presscdn-0-16-pagely.netdna-ssl.com/extended/wp-content/plugins/woocommerce/assets/js/frontend/woocommerce.min8571.js]
[17314-presscdn-0-16-pagely.netdna-ssl.com/extended/wp-content/plugins/woocommerce/assets/js/frontend/cart-fragments.min8571.js]
[jobify-demos.astoundify.com/extended/canada-adds-12500-jobs-in-modest-july-rebound-which-is-a-good-sign/index.html]
[jobify-demos.astoundify.com/extended/fitness-industry-leading-the-charge-on-hiring-in-the-uk-and-ireland/index.html]
[17314-presscdn-0-16-pagely.netdna-ssl.com/extended/wp-includes/js/jquery/ui/core.mine899.js]
[17314-presscdn-0-16-pagely.netdna-ssl.com/extended/wp-includes/js/jquery/ui/widget.mine899.js]
[17314-presscdn-0-16-pagely.netdna-ssl.com/extended/wp-includes/js/jquery/ui/mouse.mine899.js]
[17314-presscdn-0-16-pagely.netdna-ssl.com/extended/wp-includes/js/jquery/ui/slider.mine899.js]
[17314-presscdn-0-16-pagely.netdna-ssl.com/extended/wp-includes/js/underscore.min4511.js]
[17314-presscdn-0-16-pagely.netdna-ssl.com/extended/wp-includes/js/backbone.min9632.js]
[17314-presscdn-0-16-pagely.netdna-ssl.com/extended/wp-includes/js/wp-util.min66f2.js]
[17314-presscdn-0-16-pagely.netdna-ssl.com/extended/wp-includes/js/wp-backbone.min66f2.js]
[17314-presscdn-0-16-pagely.netdna-ssl.com/extended/wp-content/plugins/wp-job-manager/assets/js/jquery-deserialize/jquery.deserialize1576.js]
[17314-presscdn-0-16-pagely.netdna-ssl.com/extended/wp-content/plugins/wp-job-manager/assets/js/jquery-chosen/chosen.jquery.minf488.js]
[17314-presscdn-0-16-pagely.netdna-ssl.com/extended/wp-content/plugins/wp-job-manager/assets/js/ajax-filters.min9786.js]
[17314-presscdn-0-16-pagely.netdna-ssl.com/extended/wp-content/themes/jobify/js/jobify.mine149.js]
[17314-presscdn-0-16-pagely.netdna-ssl.com/extended/wp-content/themes/jobify/inc/integrations/wp-job-manager/js/map/app.mina22f.js]
[17314-presscdn-0-16-pagely.netdna-ssl.com/extended/wp-content/themes/jobify/js/vendor/salvattore/salvattore.min66f2.js]
[17314-presscdn-0-16-pagely.netdna-ssl.com/extended/wp-content/plugins/wp-job-manager-locations/assets/js/main442b.js]
[jobify-demos.astoundify.com/extended/index.html]
[jobify-demos.astoundify.com/extended/xmlrpc.php]
[17314-presscdn-0-16-pagely.netdna-ssl.com/extended/wp-content/plugins/woocommerce/assets/css/woocommerce-layout8571.css]
[17314-presscdn-0-16-pagely.netdna-ssl.com/extended/wp-content/plugins/woocommerce/assets/css/woocommerce-smallscreen8571.css]
[17314-presscdn-0-16-pagely.netdna-ssl.com/extended/wp-content/plugins/wp-job-manager-apply-with-facebook/assets/css/frontend66f2.css]
[17314-presscdn-0-16-pagely.netdna-ssl.com/extended/wp-content/plugins/wp-job-manager-bookmarks/assets/css/frontend66f2.css]
[17314-presscdn-0-16-pagely.netdna-ssl.com/extended/wp-content/plugins/wp-job-manager-tags/assets/css/style66f2.css]
[17314-presscdn-0-16-pagely.netdna-ssl.com/extended/wp-content/plugins/wp-job-manager-wc-paid-listings/assets/css/packages66f2.css]
[17314-presscdn-0-16-pagely.netdna-ssl.com/extended/wp-content/plugins/woocommerce-social-login/assets/css/frontend/wc-social-login.min4c56.css]
[17314-presscdn-0-16-pagely.netdna-ssl.com/extended/wp-includes/js/wp-embed.min66f2.js]
[17314-presscdn-0-16-pagely.netdna-ssl.com/extended/wp-content/themes/jobify/fonts/ionicons28b5.ttf]
[17314-presscdn-0-16-pagely.netdna-ssl.com/extended/wp-content/themes/jobify/fonts/ionicons28b5.eot]
[17314-presscdn-0-16-pagely.netdna-ssl.com/extended/wp-content/themes/jobify/fonts/ionicons28b5.woff]
[17314-presscdn-0-16-pagely.netdna-ssl.com/extended/wp-content/themes/jobify/style1ba6.css]
[17314-presscdn-0-16-pagely.netdna-ssl.com/extended/wp-content/themes/jobify-premium/style66f2.css]
[17314-presscdn-0-16-pagely.netdna-ssl.com/extended/wp-content/plugins/jetpack-sharing/sharedaddy/sharing5219.css]
[17314-presscdn-0-16-pagely.netdna-ssl.com/extended/wp-content/themes/jobify/fonts/ionicons28b5.svg]
[jobify-demos.astoundify.com/extended/wp-content/plugins/jetpack-sharing/genericons/genericons/Genericons.eot]
[17314-presscdn-0-16-pagely.netdna-ssl.com/extended/wp-content/plugins/jetpack-sharing/genericons/genericons/Genericons.ttf]
[17314-presscdn-0-16-pagely.netdna-ssl.com/extended/wp-content/plugins/jetpack-sharing/genericons/genericons/genericons128b.css]
[jobify-demos.astoundify.com/extended/wp-json/oembed/1.0/embed4313.json]
[jobify-demos.astoundify.com/extended/wp-json/oembed/1.0/embedecd7]
[jobify-demos.astoundify.com/extended/how-it-works/index.html]
[jobify-demos.astoundify.com/extended/wp-json/oembed/1.0/embedd084.json]
[jobify-demos.astoundify.com/extended/wp-json/oembed/1.0/embed74ae]
[jobify-demos.astoundify.com/extended/pricing/index.html]
[jobify-demos.astoundify.com/extended/post-a-job/index6a98.html]
[jobify-demos.astoundify.com/extended/wp-json/oembed/1.0/embed1f8c.json]
[jobify-demos.astoundify.com/extended/post-a-job/index8649.html]
[jobify-demos.astoundify.com/extended/post-a-job/index8c33.html]
[jobify-demos.astoundify.com/extended/wp-json/oembed/1.0/embedaa8f]
[jobify-demos.astoundify.com/extended/find-a-job/index.html]
[17314-presscdn-0-16-pagely.netdna-ssl.com/extended/wp-content/plugins/wp-job-manager-tags/assets/js/tag-filter5152.js]
[jobify-demos.astoundify.com/extended/wp-json/oembed/1.0/embede4fc.json]
[jobify-demos.astoundify.com/extended/wp-json/oembed/1.0/embed3539]
[jobify-demos.astoundify.com/extended/company/AdRoll/index.html]
[jobify-demos.astoundify.com/extended/company/AirBnB/index.html]
[jobify-demos.astoundify.com/extended/company/Aol/index.html]
[jobify-demos.astoundify.com/extended/company/Behance/index.html]
[jobify-demos.astoundify.com/extended/company/CodePen/index.html]
[jobify-demos.astoundify.com/extended/company/Desk/index.html]
[17314-presscdn-0-16-pagely.netdna-ssl.com/extended/wp-includes/js/masonry.mind617.js]
[jobify-demos.astoundify.com/extended/company/Disney/index.html]
[jobify-demos.astoundify.com/extended/company/Disqus/index.html]
[jobify-demos.astoundify.com/extended/company/docker/index.html]
[jobify-demos.astoundify.com/extended/company/Dolby Laboratories/index.html]
[jobify-demos.astoundify.com/extended/company/Dribbble/index.html]
[17314-presscdn-0-16-pagely.netdna-ssl.com/extended/wp-includes/js/jquery/jquery.masonry.minef70.js]
[jobify-demos.astoundify.com/extended/companies/index.html]
[jobify-demos.astoundify.com/extended/company/Fitbit/index.html]
[jobify-demos.astoundify.com/extended/company/FOURSQUARE/index.html]
[jobify-demos.astoundify.com/extended/company/Friendster/index.html]
[jobify-demos.astoundify.com/extended/company/Instagram/index.html]
[jobify-demos.astoundify.com/extended/company/OkCupid/index.html]
[jobify-demos.astoundify.com/extended/company/Optimizely/index.html]
[jobify-demos.astoundify.com/extended/company/PayPal/index.html]
[jobify-demos.astoundify.com/extended/company/Shopify/index.html]
[jobify-demos.astoundify.com/extended/wp-json/oembed/1.0/embedfd23.json]
[jobify-demos.astoundify.com/extended/company/Squarespace/index.html]
[jobify-demos.astoundify.com/extended/company/Pinterest/index.html]
[jobify-demos.astoundify.com/extended/company/Starbucks/index.html]
[jobify-demos.astoundify.com/extended/wp-json/oembed/1.0/embeda0f3]
[jobify-demos.astoundify.com/extended/my-account/index4338.html]
[17314-presscdn-0-16-pagely.netdna-ssl.com/extended/wp-includes/css/dashicons.min66f2.css]
[17314-presscdn-0-16-pagely.netdna-ssl.com/extended/wp-includes/css/editor.min66f2.css]
[jobify-demos.astoundify.com/extended/submit-your-resume/_]
[17314-presscdn-0-16-pagely.netdna-ssl.com/extended/wp-includes/js/jquery/ui/sortable.mine899.js]
[17314-presscdn-0-16-pagely.netdna-ssl.com/extended/wp-content/plugins/wp-job-manager/assets/js/jquery-fileupload/jquery.iframe-transport4511.js]
[17314-presscdn-0-16-pagely.netdna-ssl.com/extended/wp-content/plugins/wp-job-manager/assets/js/jquery-fileupload/jquery.fileuploade117.js]
[17314-presscdn-0-16-pagely.netdna-ssl.com/extended/wp-content/plugins/wp-job-manager/assets/js/ajax-file-upload.min9786.js]
[17314-presscdn-0-16-pagely.netdna-ssl.com/extended/wp-content/plugins/wp-job-manager/assets/js/term-multiselect.min9786.js]
[jobify-demos.astoundify.com/extended/wp-admin/admin-ajax.html]
[jobify-demos.astoundify.com/extended/submit-your-resume/index.html]
[jobify-demos.astoundify.com/extended/wp-json/oembed/1.0/embed01db.json]
[jobify-demos.astoundify.com/extended/wp-json/oembed/1.0/embed1fde]
[jobify-demos.astoundify.com/extended/wp-logind5bf.html]
[jobify-demos.astoundify.com/extended/candidate-dashboard/index.html]
[jobify-demos.astoundify.com/extended/wp-json/oembed/1.0/embed7162.json]
[jobify-demos.astoundify.com/extended/wp-json/oembed/1.0/embed5b05]
[jobify-demos.astoundify.com/extended/post-a-job/index.html]
[jobify-demos.astoundify.com/extended/wp-json/oembed/1.0/embeda64f.json]
[jobify-demos.astoundify.com/extended/wp-json/oembed/1.0/embedabec]
[jobify-demos.astoundify.com/extended/find-a-candidate/index.html]
[jobify-demos.astoundify.com/extended/wp-json/oembed/1.0/embed3c09.json]
[jobify-demos.astoundify.com/extended/wp-json/oembed/1.0/embedd1ac]
[jobify-demos.astoundify.com/extended/wp-loginbd32.html]
[jobify-demos.astoundify.com/extended/job-dashboard/index.html]
[jobify-demos.astoundify.com/extended/author/adam/index.html]
[jobify-demos.astoundify.com/extended/wp-login.html]
[jobify-demos.astoundify.com/extended/blog/index.html]
[jobify-demos.astoundify.com/extended/middle-class-jobs-are-being-replaced-by-burger-flipping-retail-sales-low-pay-jobs-4/index.html]
[jobify-demos.astoundify.com/extended/middle-class-jobs-are-being-replaced-by-burger-flipping-retail-sales-low-pay-jobs-2/index.html]
[jobify-demos.astoundify.com/extended/middle-class-jobs-are-being-replaced-by-burger-flipping-retail-sales-low-pay-jobs/index.html]
[jobify-demos.astoundify.com/extended/do-you-have-a-job-that-the-average-person-doesnt-even-know-exists/index.html]
[jobify-demos.astoundify.com/extended/2016/04/index.html]
[jobify-demos.astoundify.com/extended/2016/03/index.html]
[17314-presscdn-0-16-pagely.netdna-ssl.com/extended/wp-content/uploads/sites/3/2016/04/Jobify-Coffee-300x300.jpg]
[jobify-demos.astoundify.com/extended/2013/07/index.html]
[jobify-demos.astoundify.com/extended/category/developement/index.html]
[jobify-demos.astoundify.com/extended/2016/02/index.html]
[jobify-demos.astoundify.com/extended/category/uncategorized/index.html]
[17314-presscdn-0-16-pagely.netdna-ssl.com/extended/wp-content/uploads/sites/3/2016/04/Jobify-Bottle-300x300.jpg]
[jobify-demos.astoundify.com/extended/category/news/index.html]
[jobify-demos.astoundify.com/extended/shop/jobify-coffee/index.html]
[jobify-demos.astoundify.com/extended/shop/feed/index.html]
[jobify-demos.astoundify.com/extended/shop/jobify-gin/index.html]
[jobify-demos.astoundify.com/extended/shop/index4c5d.html]
[jobify-demos.astoundify.com/extended/shop/indexc01c.html]
[jobify-demos.astoundify.com/extended/shop/jobify-mug/index.html]
[17314-presscdn-0-16-pagely.netdna-ssl.com/extended/wp-content/uploads/sites/3/2016/04/Jobify-Mug-300x300.jpg]
[jobify-demos.astoundify.com/extended/shop/indexef2b.html]
[17314-presscdn-0-16-pagely.netdna-ssl.com/extended/wp-content/uploads/sites/3/2016/04/Jobify-Note-Book-300x300.jpg]
[jobify-demos.astoundify.com/extended/shop/jobify-note-book/index.html]
[jobify-demos.astoundify.com/extended/shop/index21ca.html]
[jobify-demos.astoundify.com/extended/shop/jobify-tee-white/index.html]
[17314-presscdn-0-16-pagely.netdna-ssl.com/extended/wp-content/uploads/sites/3/2016/04/jobify-t-shirt-300x300.jpg]
[jobify-demos.astoundify.com/extended/shop/jobify-tote-bag/index.html]
[17314-presscdn-0-16-pagely.netdna-ssl.com/extended/wp-content/uploads/sites/3/2016/04/jobify-tote-bag-300x300.jpg]
[17314-presscdn-0-16-pagely.netdna-ssl.com/extended/wp-content/plugins/woocommerce/assets/images/placeholder.png]
[17314-presscdn-0-16-pagely.netdna-ssl.com/extended/wp-content/uploads/sites/3/2016/04/Jobify-Bottle-180x180.jpg]
[jobify-demos.astoundify.com/extended/shop/index4940.html]
[17314-presscdn-0-16-pagely.netdna-ssl.com/extended/wp-content/uploads/sites/3/2016/04/Jobify-Coffee-180x180.jpg]
[jobify-demos.astoundify.com/extended/shop/enterprise/index.html]
[jobify-demos.astoundify.com/extended/shop/corporate/index.html]
[jobify-demos.astoundify.com/extended/shop/small-team/index.html]
[17314-presscdn-0-16-pagely.netdna-ssl.com/extended/wp-content/plugins/woocommerce/assets/js/jquery-ui-touch-punch/jquery-ui-touch-punch.min8571.js]
[17314-presscdn-0-16-pagely.netdna-ssl.com/extended/wp-content/plugins/woocommerce/assets/js/accounting/accounting.minaffb.js]
[jobify-demos.astoundify.com/extended/shop/index.html]
[17314-presscdn-0-16-pagely.netdna-ssl.com/extended/wp-content/plugins/woocommerce/assets/js/frontend/price-slider.min8571.js]
[jobify-demos.astoundify.com/extended/wp-json/oembed/1.0/embed9fcc.json]
[jobify-demos.astoundify.com/extended/cart-2/feed/index.html]
[jobify-demos.astoundify.com/extended/wp-json/oembed/1.0/embed279d]
[17314-presscdn-0-16-pagely.netdna-ssl.com/extended/wp-content/plugins/woocommerce/assets/js/frontend/country-select.min8571.js]
[17314-presscdn-0-16-pagely.netdna-ssl.com/extended/wp-content/plugins/woocommerce/assets/js/frontend/address-i18n.min8571.js]
[jobify-demos.astoundify.com/extended/cart-2/index.html]
[jobify-demos.astoundify.com/extended/checkout-2/index.html]
[17314-presscdn-0-16-pagely.netdna-ssl.com/extended/wp-content/plugins/woocommerce/assets/js/frontend/cart.min8571.js]
[jobify-demos.astoundify.com/extended/testimonials/index.html]
[jobify-demos.astoundify.com/extended/testimonials/feed/index.html]
[jobify-demos.astoundify.com/extended/wp-json/oembed/1.0/embedd594.json]
[jobify-demos.astoundify.com/extended/wp-json/oembed/1.0/embed79eb]
[jobify-demos.astoundify.com/extended/frequently-asked-questions/index.html]
[jobify-demos.astoundify.com/extended/wp-json/oembed/1.0/embedcfaf.json]
[jobify-demos.astoundify.com/extended/wp-json/oembed/1.0/embed0d4c]
[jobify-demos.astoundify.com/extended/privacy-policy/index.html]
[jobify-demos.astoundify.com/extended/wp-json/oembed/1.0/embed75ec.json]
[jobify-demos.astoundify.com/extended/wp-json/oembed/1.0/embedb604]
[jobify-demos.astoundify.com/extended/terms-and-conditions/index.html]
[jobify-demos.astoundify.com/extended/wp-json/oembed/1.0/embedf67f.json]
[jobify-demos.astoundify.com/extended/wp-json/oembed/1.0/embed2972]
[17314-presscdn-0-16-pagely.netdna-ssl.com/extended/wp-includes/js/zxcvbn-async.min5152.js]
[jobify-demos.astoundify.com/extended/wp-admin/js/password-strength-meter.min66f2.js]
[jobify-demos.astoundify.com/extended/signup/index.html]
[17314-presscdn-0-16-pagely.netdna-ssl.com/extended/wp-content/plugins/woocommerce/assets/css/select28571.css]
[jobify-demos.astoundify.com/extended/wp-json/oembed/1.0/embedbcef.json]
[jobify-demos.astoundify.com/extended/wp-json/oembed/1.0/embedf05b]
[17314-presscdn-0-16-pagely.netdna-ssl.com/extended/wp-content/plugins/woocommerce/assets/js/select2/select2.full.minfa0c.js]
[jobify-demos.astoundify.com/extended/my-account/index.html]
[jobify-demos.astoundify.com/extended/my-account/lost-password/index.html]
[jobify-demos.astoundify.com/extended/job/web-developer/index.html]
[jobify-demos.astoundify.com/extended/wp-json/oembed/1.0/embed9f8a.json]
[jobify-demos.astoundify.com/extended/wp-json/oembed/1.0/embed14f9]
[jobify-demos.astoundify.com/extended/job-region/new-york/index.html]
[17314-presscdn-0-16-pagely.netdna-ssl.com/extended/wp-content/uploads/sites/3/2014/03/company-logo-sspace.jpg]
[jobify-demos.astoundify.com/extended/job-category/design/index.html]
[17314-presscdn-0-16-pagely.netdna-ssl.com/extended/wp-content/plugins/ninja-forms/deprecated/images/question-ico.gif]
[jobify-demos.astoundify.com/extended/wp-login7079.html]
[jobify-demos.astoundify.com/classic/wp-content/uploads/sites/2/2014/03/hero-job-image.jpg]
[17314-presscdn-0-16-pagely.netdna-ssl.com/extended/wp-content/plugins/ninja-forms/deprecated/css/qtip66f2.css]
[17314-presscdn-0-16-pagely.netdna-ssl.com/extended/wp-content/plugins/ninja-forms/deprecated/css/jquery.rating66f2.css]
[17314-presscdn-0-16-pagely.netdna-ssl.com/extended/wp-includes/js/jquery/ui/position.mine899.js]
[17314-presscdn-0-16-pagely.netdna-ssl.com/extended/wp-content/plugins/ninja-forms/deprecated/js/min/jquery.qtip.min66f2.js]
[17314-presscdn-0-16-pagely.netdna-ssl.com/extended/wp-content/plugins/ninja-forms/deprecated/js/min/ninja-forms-display.minbcae.js]
[jobify-demos.astoundify.com/extended/job/surround/index.html]
[17314-presscdn-0-16-pagely.netdna-ssl.com/extended/wp-content/plugins/jetpack-sharing/sharedaddy/sharing5219.js]
[jobify-demos.astoundify.com/extended/wp-json/oembed/1.0/embedb9c9.json]
[jobify-demos.astoundify.com/extended/job/api-engineer/index.html]
[jobify-demos.astoundify.com/extended/job/front-end-developer-digital-arts/index.html]
[jobify-demos.astoundify.com/extended/wp-json/oembed/1.0/embed2e74]
[17314-presscdn-0-16-pagely.netdna-ssl.com/extended/wp-content/uploads/sites/3/2014/03/company-logo-airbnb.png]
[jobify-demos.astoundify.com/extended/wp-login0ad2.html]
[jobify-demos.astoundify.com/extended/job/senior-ux-designer/index.html]
[jobify-demos.astoundify.com/extended/wp-json/oembed/1.0/embedbc56.json]
[jobify-demos.astoundify.com/extended/wp-json/oembed/1.0/embed0a66]
[jobify-demos.astoundify.com/extended/job-region/toronto/index.html]
[17314-presscdn-0-16-pagely.netdna-ssl.com/extended/wp-content/uploads/sites/3/2014/03/company-logo-shopify.jpg]
[jobify-demos.astoundify.com/extended/wp-login0fd3.html]
[jobify-demos.astoundify.com/extended/job/art-director/index.html]
[jobify-demos.astoundify.com/extended/wp-json/oembed/1.0/embed642a.json]
[jobify-demos.astoundify.com/extended/wp-json/oembed/1.0/embed4dfc]
[jobify-demos.astoundify.com/extended/wp-login4699.html]
[jobify-demos.astoundify.com/extended/resume/jennifer-smith/index.html]
[jobify-demos.astoundify.com/extended/resume-skill/after-effects/index.html]
[jobify-demos.astoundify.com/extended/wp-json/oembed/1.0/embed3d47.json]
[jobify-demos.astoundify.com/extended/resume-skill/illustrator/index.html]
[jobify-demos.astoundify.com/extended/resume-skill/htmlcss/index.html]
[jobify-demos.astoundify.com/extended/resume-skill/indesign/index.html]
[jobify-demos.astoundify.com/extended/resume-skill/sketch/index.html]
[jobify-demos.astoundify.com/extended/wp-json/oembed/1.0/embed0b31]
[jobify-demos.astoundify.com/extended/resume-skill/sword-wielding/index.html]
[jobify-demos.astoundify.com/extended/resume-skill/uiux/index.html]
[jobify-demos.astoundify.com/extended/wp-login72cb.html]
[jobify-demos.astoundify.com/extended/resume/sandy-miranda/index.html]
[jobify-demos.astoundify.com/extended/resume/amanda-cook/index.html]
[jobify-demos.astoundify.com/extended/resume-skill/analysis/index.html]
[jobify-demos.astoundify.com/extended/wp-json/oembed/1.0/embed27ac.json]
[jobify-demos.astoundify.com/extended/resume-skill/finance/index.html]
[jobify-demos.astoundify.com/extended/resume-skill/marketing/index.html]
[jobify-demos.astoundify.com/extended/resume-skill/sales/index.html]
[jobify-demos.astoundify.com/extended/resume/kimberly-morgan/index.html]
[jobify-demos.astoundify.com/extended/wp-json/oembed/1.0/embed59df]
[jobify-demos.astoundify.com/extended/wp-login0d7b.html]
[jobify-demos.astoundify.com/extended/resume/paul-richards/index.html]
[jobify-demos.astoundify.com/extended/jobs/index.html]
[jobify-demos.astoundify.com/extended/resume-skill/development/index.html]
[jobify-demos.astoundify.com/extended/resume-skill/writing/index.html]
[jobify-demos.astoundify.com/extended/wp-json/oembed/1.0/embed8919.json]
[jobify-demos.astoundify.com/extended/jobs/feed/index.html]
[jobify-demos.astoundify.com/extended/wp-json/oembed/1.0/embed1d3a]
[jobify-demos.astoundify.com/extended/login/index.html]
[jobify-demos.astoundify.com/extended/wp-json/oembed/1.0/embed5d18.json]
[jobify-demos.astoundify.com/extended/canada-adds-12500-jobs-in-modest-july-rebound/feed/index.html]
[jobify-demos.astoundify.com/extended/wp-json/oembed/1.0/embedf90c]
[17314-presscdn-0-16-pagely.netdna-ssl.com/extended/wp-content/uploads/sites/3/2016/04/blog-image-345.jpg]
[17314-presscdn-0-16-pagely.netdna-ssl.com/extended/wp-content/plugins/akismet/_inc/formd617.js]
[jobify-demos.astoundify.com/extended/canada-adds-12500-jobs-in-modest-july-rebound/index.html]
[17314-presscdn-0-16-pagely.netdna-ssl.com/extended/wp-includes/js/comment-reply.min66f2.js]
[jobify-demos.astoundify.com/extended/wp-json/oembed/1.0/embedccd1.json]
[jobify-demos.astoundify.com/extended/canada-adds-12500-jobs-in-modest-july-rebound-which-is-a-good-sign/feed/index.html]
[jobify-demos.astoundify.com/extended/wp-json/oembed/1.0/embed3f06]
[jobify-demos.astoundify.com/extended/canada-adds-12500-jobs-in-modest-july-rebound-which-is-a-good-sign/index.html]
[jobify-demos.astoundify.com/extended/wp-json/oembed/1.0/embed157e.json]
[jobify-demos.astoundify.com/extended/fitness-industry-leading-the-charge-on-hiring-in-the-uk-and-ireland/feed/index.html]
[jobify-demos.astoundify.com/extended/wp-json/oembed/1.0/embed8d51]
[17314-presscdn-0-16-pagely.netdna-ssl.com/extended/wp-content/uploads/sites/3/2016/04/blog-image-234.jpg]
[jobify-demos.astoundify.com/extended/fitness-industry-leading-the-charge-on-hiring-in-the-uk-and-ireland/index.html]
[17314-presscdn-0-16-pagely.netdna-ssl.com/extended/wp-content/themes/jobify/fonts/ionicons28b5.svg]
[jobify-demos.astoundify.com/extended/indexe4ab.html]
[jobify-demos.astoundify.com/extended/index2915.html]
[jobify-demos.astoundify.com/extended/post-a-job/index6a98.html]
[jobify-demos.astoundify.com/extended/post-a-job/index8649.html]
[jobify-demos.astoundify.com/extended/post-a-job/index8c33.html]
[jobify-demos.astoundify.com/extended/indexef85.html]
[jobify-demos.astoundify.com/extended/indexb415.html]
[jobify-demos.astoundify.com/extended/company/AdRoll/index.html]
[jobify-demos.astoundify.com/extended/company/AirBnB/index.html]
[jobify-demos.astoundify.com/extended/company/Aol/index.html]
[17314-presscdn-0-16-pagely.netdna-ssl.com/extended/wp-content/uploads/sites/3/2016/04/home-header-guy-laptop.jpg]
[17314-presscdn-0-16-pagely.netdna-ssl.com/extended/wp-content/plugins/jetpack-sharing/genericons/genericons/Genericons.svg]
[jobify-demos.astoundify.com/extended/company/Behance/index.html]
[jobify-demos.astoundify.com/extended/company/CodePen/index.html]
[jobify-demos.astoundify.com/extended/company/Desk/index.html]
[jobify-demos.astoundify.com/extended/job/web-designer-developer/index.html]
[jobify-demos.astoundify.com/extended/job/ux-designer/index.html]
[jobify-demos.astoundify.com/extended/company/Disney/index.html]
[jobify-demos.astoundify.com/extended/company/Disqus/index.html]
[jobify-demos.astoundify.com/extended/company/docker/index.html]
[jobify-demos.astoundify.com/extended/job/product-designer/index.html]
[jobify-demos.astoundify.com/extended/job/web-designer-front-end-developer/index.html]
[jobify-demos.astoundify.com/extended/job/graphic-designer/index.html]
[jobify-demos.astoundify.com/extended/company/Dolby Laboratories/index.html]
[jobify-demos.astoundify.com/extended/company/Dribbble/index.html]
[jobify-demos.astoundify.com/extended/company/Fitbit/index.html]
[jobify-demos.astoundify.com/extended/job/senior-designer/index.html]
[jobify-demos.astoundify.com/extended/company/FOURSQUARE/index.html]
[jobify-demos.astoundify.com/extended/job/user-experience-designer-lead-systems-analyst/index.html]
[jobify-demos.astoundify.com/extended/job/design-technologist-shopping-innovation/index.html]
[jobify-demos.astoundify.com/extended/company/Friendster/index.html]
[jobify-demos.astoundify.com/extended/company/Instagram/index.html]
[jobify-demos.astoundify.com/extended/job/graphicweb-designer/index.html]
[jobify-demos.astoundify.com/extended/company/OkCupid/index.html]
[jobify-demos.astoundify.com/extended/job/interactive-designer-2/index.html]
[jobify-demos.astoundify.com/extended/job/graphic-designer-4/index.html]
[jobify-demos.astoundify.com/extended/company/Optimizely/index.html]
[jobify-demos.astoundify.com/extended/company/PayPal/index.html]
[jobify-demos.astoundify.com/extended/company/Pinterest/index.html]
[jobify-demos.astoundify.com/extended/job/marketing-director/index.html]
[jobify-demos.astoundify.com/extended/company/Shopify/index.html]
[jobify-demos.astoundify.com/extended/company/Squarespace/index.html]
[jobify-demos.astoundify.com/extended/company/Starbucks/index.html]
[jobify-demos.astoundify.com/extended/job/website-designer/index.html]
[jobify-demos.astoundify.com/extended/job/graphic-designer-3/index.html]
[jobify-demos.astoundify.com/extended/index3048.html]
[jobify-demos.astoundify.com/extended/job/ui-web-designer/index.html]
[jobify-demos.astoundify.com/extended/my-account/index4338.html]
[17314-presscdn-0-16-pagely.netdna-ssl.com/extended/wp-includes/css/dashicons.min66f2.css]
[17314-presscdn-0-16-pagely.netdna-ssl.com/extended/wp-includes/css/editor.min66f2.css]
[jobify-demos.astoundify.com/extended/submit-your-resume/_.html]
[jobify-demos.astoundify.com/extended/wp-admin/admin-ajax.html]
[jobify-demos.astoundify.com/extended/indexca40.html]
[jobify-demos.astoundify.com/extended/job/front-end-engineer/index.html]
[17314-presscdn-0-16-pagely.netdna-ssl.com/extended/wp-includes/js/imagesloaded.min55a0.js]
[jobify-demos.astoundify.com/extended/wp-admin/load-styles8258.css]
[jobify-demos.astoundify.com/extended/wp-content/uploads/sites/3/2016/04/cropped-favicon-premium-32x32.png]
[17314-presscdn-0-16-pagely.netdna-ssl.com/extended/wp-content/plugins/wp-job-manager-resumes/assets/js/resume-submission.min299b.js]
[jobify-demos.astoundify.com/extended/wp-content/uploads/sites/3/2016/04/cropped-favicon-premium-192x192.png]
[jobify-demos.astoundify.com/extended/wp-content/uploads/sites/3/2016/04/cropped-favicon-premium-180x180.png]
[jobify-demos.astoundify.com/extended/wp-logind5bf.html]
[jobify-demos.astoundify.com/extended/indexa486.html]
[jobify-demos.astoundify.com/extended/indexe926.html]
[jobify-demos.astoundify.com/extended/indexc4f7.html]
[jobify-demos.astoundify.com/extended/wp-loginbd32.html]
[jobify-demos.astoundify.com/extended/author/adam/index.html]
[17314-presscdn-0-16-pagely.netdna-ssl.com/extended/wp-content/plugins/wp-job-manager/assets/css/job-submission9786.css]
[17314-presscdn-0-16-pagely.netdna-ssl.com/extended/wp-content/plugins/wp-job-manager-resumes/assets/js/ajax-filters.min299b.js]
[jobify-demos.astoundify.com/extended/author/adam/feed/index.html]
[jobify-demos.astoundify.com/extended/wp-json/oembed/1.0/embed5f92.json]
[jobify-demos.astoundify.com/extended/wp-json/oembed/1.0/embedd337]
[jobify-demos.astoundify.com/extended/middle-class-jobs-are-being-replaced-by-burger-flipping-retail-sales-low-pay-jobs-4/index.html]
[jobify-demos.astoundify.com/extended/middle-class-jobs-are-being-replaced-by-burger-flipping-retail-sales-low-pay-jobs-4/feed/index.html]
[jobify-demos.astoundify.com/extended/wp-json/oembed/1.0/embed8879.json]
[jobify-demos.astoundify.com/extended/do-you-have-a-job-that-the-average-person-doesnt-even-know-exists/feed/index.html]
[jobify-demos.astoundify.com/extended/wp-json/oembed/1.0/embedd43a]
[jobify-demos.astoundify.com/extended/do-you-have-a-job-that-the-average-person-doesnt-even-know-exists/index.html]
[jobify-demos.astoundify.com/extended/wp-json/oembed/1.0/embed4323.json]
[jobify-demos.astoundify.com/extended/middle-class-jobs-are-being-replaced-by-burger-flipping-retail-sales-low-pay-jobs-2/feed/index.html]
[jobify-demos.astoundify.com/extended/wp-json/oembed/1.0/embedb834]
[jobify-demos.astoundify.com/extended/middle-class-jobs-are-being-replaced-by-burger-flipping-retail-sales-low-pay-jobs-2/index.html]
[jobify-demos.astoundify.com/extended/wp-json/oembed/1.0/embed8f31.json]
[jobify-demos.astoundify.com/extended/middle-class-jobs-are-being-replaced-by-burger-flipping-retail-sales-low-pay-jobs/feed/index.html]
[jobify-demos.astoundify.com/extended/wp-json/oembed/1.0/embed17b9]
[jobify-demos.astoundify.com/extended/middle-class-jobs-are-being-replaced-by-burger-flipping-retail-sales-low-pay-jobs/index.html]
[jobify-demos.astoundify.com/extended/2016/04/index.html]
[jobify-demos.astoundify.com/extended/2016/03/index.html]
[jobify-demos.astoundify.com/extended/2016/02/index.html]
[jobify-demos.astoundify.com/extended/2013/07/index.html]
[jobify-demos.astoundify.com/extended/category/developement/index.html]
[jobify-demos.astoundify.com/extended/category/news/index.html]
[jobify-demos.astoundify.com/extended/category/uncategorized/index.html]
[jobify-demos.astoundify.com/extended/wp-login.html]
[jobify-demos.astoundify.com/extended/category/developement/feed/index.html]
[jobify-demos.astoundify.com/extended/category/news/feed/index.html]
[jobify-demos.astoundify.com/extended/category/uncategorized/feed/index.html]
[jobify-demos.astoundify.com/extended/wp-json/oembed/1.0/embedf5bd.json]
[jobify-demos.astoundify.com/extended/shop/jobify-coffee/feed/index.html]
[jobify-demos.astoundify.com/extended/wp-json/oembed/1.0/embedf6cf]
[jobify-demos.astoundify.com/extended/shop/jobify-coffee/index.html]
[jobify-demos.astoundify.com/extended/shop/index4c5d.html]
[17314-presscdn-0-16-pagely.netdna-ssl.com/extended/wp-content/plugins/woocommerce/assets/js/frontend/single-product.min8571.js]
[jobify-demos.astoundify.com/extended/product-tag/coffee/index.html]
[jobify-demos.astoundify.com/extended/product-category/coffee/index.html]
[jobify-demos.astoundify.com/extended/wp-json/oembed/1.0/embed5916.json]
[jobify-demos.astoundify.com/extended/shop/jobify-gin/feed/index.html]
[jobify-demos.astoundify.com/extended/wp-json/oembed/1.0/embede8f4]
[jobify-demos.astoundify.com/extended/shop/jobify-gin/index.html]
[jobify-demos.astoundify.com/extended/shop/indexc01c.html]
[jobify-demos.astoundify.com/extended/product-category/spirits/index.html]
[jobify-demos.astoundify.com/extended/product-tag/gin/index.html]
[jobify-demos.astoundify.com/extended/wp-json/oembed/1.0/embedc4ee.json]
[jobify-demos.astoundify.com/extended/wp-json/oembed/1.0/embedaf89]
[jobify-demos.astoundify.com/extended/shop/jobify-mug/index.html]
[jobify-demos.astoundify.com/extended/shop/indexef2b.html]
[jobify-demos.astoundify.com/extended/shop/jobify-mug/feed/index.html]
[jobify-demos.astoundify.com/extended/product-category/mug/index.html]
[jobify-demos.astoundify.com/extended/product-tag/mug/index.html]
[jobify-demos.astoundify.com/extended/wp-json/oembed/1.0/embed8219.json]
[jobify-demos.astoundify.com/extended/wp-json/oembed/1.0/embed57fd]
[jobify-demos.astoundify.com/extended/shop/jobify-note-book/index.html]
[jobify-demos.astoundify.com/extended/shop/index21ca.html]
[jobify-demos.astoundify.com/extended/shop/jobify-note-book/feed/index.html]
[jobify-demos.astoundify.com/extended/product-category/book/index.html]
[jobify-demos.astoundify.com/extended/product-tag/book/index.html]
[jobify-demos.astoundify.com/extended/shop/jobify-tee-white/feed/index.html]
[jobify-demos.astoundify.com/extended/wp-json/oembed/1.0/embed4d36.json]
[jobify-demos.astoundify.com/extended/wp-json/oembed/1.0/embed900c]
[jobify-demos.astoundify.com/extended/shop/jobify-tee-white/index.html]
[jobify-demos.astoundify.com/extended/product-category/t-shirt/index.html]
[jobify-demos.astoundify.com/extended/wp-json/oembed/1.0/embed2819.json]
[jobify-demos.astoundify.com/extended/product-tag/bag/index.html]
[jobify-demos.astoundify.com/extended/shop/jobify-tee-white/index4940.html]
[jobify-demos.astoundify.com/extended/shop/jobify-tote-bag/feed/index.html]
[jobify-demos.astoundify.com/extended/wp-json/oembed/1.0/embedd036]
[jobify-demos.astoundify.com/extended/shop/jobify-tote-bag/index.html]
[jobify-demos.astoundify.com/extended/shop/index4940.html]
[jobify-demos.astoundify.com/extended/product-category/bag/index.html]
[jobify-demos.astoundify.com/extended/wp-json/oembed/1.0/embed6494.json]
[jobify-demos.astoundify.com/extended/shop/enterprise/feed/index.html]
[jobify-demos.astoundify.com/extended/wp-json/oembed/1.0/embed06d2]
[jobify-demos.astoundify.com/extended/shop/enterprise/index.html]
[jobify-demos.astoundify.com/extended/wp-json/oembed/1.0/embed7136.json]
[jobify-demos.astoundify.com/extended/product-category/job-pricing/index.html]
[jobify-demos.astoundify.com/extended/wp-json/oembed/1.0/embed89a7]
[jobify-demos.astoundify.com/extended/shop/corporate/index.html]
[jobify-demos.astoundify.com/extended/wp-json/oembed/1.0/embed0918.json]
[jobify-demos.astoundify.com/extended/shop/small-team/feed/index.html]
[jobify-demos.astoundify.com/extended/wp-json/oembed/1.0/embeddf82]
[jobify-demos.astoundify.com/extended/shop/small-team/index.html]
[jobify-demos.astoundify.com/extended/indexe31a.html]
[jobify-demos.astoundify.com/extended/index0c06.html]
[jobify-demos.astoundify.com/extended/indexd108.html]
[jobify-demos.astoundify.com/extended/indexfa5e.html]
[jobify-demos.astoundify.com/extended/indexfeb6.html]
[17314-presscdn-0-16-pagely.netdna-ssl.com/extended/wp-content/plugins/woocommerce/assets/css/select28571.css]
[jobify-demos.astoundify.com/extended/indexbc7f.html]
[17314-presscdn-0-16-pagely.netdna-ssl.com/extended/wp-content/plugins/woocommerce/assets/js/frontend/password-strength-meter.min8571.js]
[jobify-demos.astoundify.com/extended/my-account/lost-password/index.html]
[jobify-demos.astoundify.com/extended/indexf894.html]
[jobify-demos.astoundify.com/extended/index4644.html]
[17314-presscdn-0-16-pagely.netdna-ssl.com/extended/wp-content/plugins/woocommerce/assets/js/frontend/lost-password.min8571.js]
[17314-presscdn-0-16-pagely.netdna-ssl.com/extended/wp-content/uploads/sites/3/2016/04/avatar-small-150x150.jpg]
[jobify-demos.astoundify.com/extended/wp-json/oembed/1.0/embedb510.json]
[jobify-demos.astoundify.com/extended/wp-json/oembed/1.0/embed7767]
[jobify-demos.astoundify.com/extended/wp-loginb5a7.html]
[jobify-demos.astoundify.com/extended/job/web-developer/index.html]
[jobify-demos.astoundify.com/extended/index70b5.html]
[jobify-demos.astoundify.com/extended/job-region/ontario/index.html]
[jobify-demos.astoundify.com/extended/job-category/developement/index.html]
[jobify-demos.astoundify.com/extended/job-region/new-york/index.html]
[jobify-demos.astoundify.com/extended/job-category/design/index.html]
[jobify-demos.astoundify.com/extended/job/surround/index3081.html]
[jobify-demos.astoundify.com/extended/job-region/new-york/feed/index.html]
[jobify-demos.astoundify.com/extended/job/surround/index9f21.html]
[jobify-demos.astoundify.com/extended/job/surround/index386f.html]
[jobify-demos.astoundify.com/extended/job/surround/index5a58.html]
[jobify-demos.astoundify.com/extended/job/surround/index9a7b.html]
[jobify-demos.astoundify.com/extended/wp-login7079.html]
[jobify-demos.astoundify.com/extended/job/surround/index62e6.html]
[17314-presscdn-0-16-pagely.netdna-ssl.com/extended/wp-content/plugins/jetpack-sharing/sharedaddy/images/loading.gif]
[17314-presscdn-0-16-pagely.netdna-ssl.com/extended/wp-content/plugins/ninja-forms/deprecated/css/qtip66f2.css]
[17314-presscdn-0-16-pagely.netdna-ssl.com/extended/wp-content/plugins/ninja-forms/deprecated/css/jquery.rating66f2.css]
[17314-presscdn-0-16-pagely.netdna-ssl.com/extended/wp-content/plugins/ninja-forms/deprecated/css/ninja-forms-displaybcae.css]
[17314-presscdn-0-16-pagely.netdna-ssl.com/extended/wp-includes/js/jquery/jquery.form.min018d.js]
[jobify-demos.astoundify.com/extended/job-category/design/page/2/index.html]
[jobify-demos.astoundify.com/extended/job-category/design/feed/index.html]
[jobify-demos.astoundify.com/extended/wp-json/oembed/1.0/embedcb29.json]
[jobify-demos.astoundify.com/extended/wp-json/oembed/1.0/embed5296]
[jobify-demos.astoundify.com/extended/wp-login6236.html]
[jobify-demos.astoundify.com/extended/job/api-engineer/index.html]
[jobify-demos.astoundify.com/extended/job-region/daly-city/index.html]
[jobify-demos.astoundify.com/extended/wp-json/oembed/1.0/embed7603.json]
[jobify-demos.astoundify.com/extended/wp-json/oembed/1.0/embed70a1]
[jobify-demos.astoundify.com/extended/wp-login9ccb.html]
[jobify-demos.astoundify.com/extended/job/front-end-developer-digital-arts/index.html]
[jobify-demos.astoundify.com/extended/index1366.html]
[jobify-demos.astoundify.com/extended/job/senior-ux-designer/index3081.html]
[jobify-demos.astoundify.com/extended/job/senior-ux-designer/index9f21.html]
[jobify-demos.astoundify.com/extended/job/senior-ux-designer/index386f.html]
[jobify-demos.astoundify.com/extended/job/senior-ux-designer/index5a58.html]
[jobify-demos.astoundify.com/extended/job/senior-ux-designer/index9a7b.html]
[jobify-demos.astoundify.com/extended/wp-login0ad2.html]
[jobify-demos.astoundify.com/extended/index21b3.html]
[jobify-demos.astoundify.com/extended/job-region/toronto/index.html]
[jobify-demos.astoundify.com/extended/job/art-director/index3081.html]
[jobify-demos.astoundify.com/extended/job/senior-ux-designer/index62e6.html]
[jobify-demos.astoundify.com/extended/job/art-director/index9f21.html]
[jobify-demos.astoundify.com/extended/job/art-director/index386f.html]
[jobify-demos.astoundify.com/extended/job/art-director/index5a58.html]
[jobify-demos.astoundify.com/extended/job/art-director/index9a7b.html]
[jobify-demos.astoundify.com/extended/wp-login0fd3.html]
[jobify-demos.astoundify.com/extended/indexc9be.html]
[jobify-demos.astoundify.com/extended/resume/jennifer-smith/index3081.html]
[jobify-demos.astoundify.com/extended/job/art-director/index62e6.html]
[jobify-demos.astoundify.com/extended/resume/jennifer-smith/index9f21.html]
[jobify-demos.astoundify.com/extended/resume/jennifer-smith/index386f.html]
[jobify-demos.astoundify.com/extended/resume/jennifer-smith/index5a58.html]
[jobify-demos.astoundify.com/extended/resume/jennifer-smith/index9a7b.html]
[jobify-demos.astoundify.com/extended/resume-skill/after-effects/index.html]
[jobify-demos.astoundify.com/extended/resume-skill/htmlcss/index.html]
[jobify-demos.astoundify.com/extended/job-region/toronto/feed/index.html]
[jobify-demos.astoundify.com/extended/resume-skill/illustrator/index.html]
[jobify-demos.astoundify.com/extended/resume/jennifer-smith/index62e6.html]
[jobify-demos.astoundify.com/extended/resume-skill/after-effects/feed/index.html]
[jobify-demos.astoundify.com/extended/resume-skill/indesign/index.html]
[jobify-demos.astoundify.com/extended/resume-skill/htmlcss/feed/index.html]
[jobify-demos.astoundify.com/extended/resume/jim-james/index.html]
[jobify-demos.astoundify.com/extended/resume-skill/sketch/index.html]
[jobify-demos.astoundify.com/extended/resume-skill/illustrator/feed/index.html]
[jobify-demos.astoundify.com/extended/resume-skill/sword-wielding/index.html]
[jobify-demos.astoundify.com/extended/resume/kevin-parker/index.html]
[jobify-demos.astoundify.com/extended/resume-skill/uiux/index.html]
[jobify-demos.astoundify.com/extended/resume-skill/indesign/feed/index.html]
[jobify-demos.astoundify.com/extended/wp-login4699.html]
[jobify-demos.astoundify.com/extended/resume-skill/sketch/feed/index.html]
[jobify-demos.astoundify.com/extended/resume-skill/sword-wielding/feed/index.html]
[jobify-demos.astoundify.com/extended/resume-skill/uiux/feed/index.html]
[jobify-demos.astoundify.com/extended/wp-json/oembed/1.0/embed6b74.json]
[jobify-demos.astoundify.com/extended/wp-json/oembed/1.0/embed3358]
[jobify-demos.astoundify.com/extended/wp-loginefb7.html]
[jobify-demos.astoundify.com/extended/resume/amanda-cook/index.html]
[jobify-demos.astoundify.com/extended/indexeabb.html]
[jobify-demos.astoundify.com/extended/resume/sandy-miranda/index3081.html]
[jobify-demos.astoundify.com/extended/resume/sandy-miranda/index9f21.html]
[jobify-demos.astoundify.com/extended/resume/sandy-miranda/index386f.html]
[jobify-demos.astoundify.com/extended/resume/sandy-miranda/index5a58.html]
[jobify-demos.astoundify.com/extended/resume/sandy-miranda/index9a7b.html]
[jobify-demos.astoundify.com/extended/resume-skill/analysis/index.html]
[jobify-demos.astoundify.com/extended/resume-skill/finance/index.html]
[jobify-demos.astoundify.com/extended/resume-skill/marketing/index.html]
[jobify-demos.astoundify.com/extended/resume-skill/sales/index.html]
[jobify-demos.astoundify.com/extended/resume-skill/analysis/feed/index.html]
[jobify-demos.astoundify.com/extended/wp-login72cb.html]
[jobify-demos.astoundify.com/extended/resume-skill/finance/feed/index.html]
[jobify-demos.astoundify.com/extended/resume-skill/marketing/feed/index.html]
[jobify-demos.astoundify.com/extended/resume-skill/sales/feed/index.html]
[jobify-demos.astoundify.com/extended/wp-json/oembed/1.0/embed784d.json]
[jobify-demos.astoundify.com/extended/wp-json/oembed/1.0/embed9a55]
[jobify-demos.astoundify.com/extended/wp-login2cd7.html]
[jobify-demos.astoundify.com/extended/resume/kimberly-morgan/index.html]
[jobify-demos.astoundify.com/extended/index2c6b.html]
[jobify-demos.astoundify.com/extended/resume/paul-richards/index3081.html]
[jobify-demos.astoundify.com/extended/resume/paul-richards/index9f21.html]
[jobify-demos.astoundify.com/extended/resume/paul-richards/index386f.html]
[jobify-demos.astoundify.com/extended/resume-skill/accounting/index.html]
[jobify-demos.astoundify.com/extended/resume-skill/management/index.html]
[jobify-demos.astoundify.com/extended/resume/paul-richards/index5a58.html]
[jobify-demos.astoundify.com/extended/resume/paul-richards/index9a7b.html]
[jobify-demos.astoundify.com/extended/resume-skill/development/index.html]
[jobify-demos.astoundify.com/extended/resume-skill/writing/index.html]
[jobify-demos.astoundify.com/extended/resume-skill/money/index.html]
[jobify-demos.astoundify.com/extended/wp-login0d7b.html]
[jobify-demos.astoundify.com/extended/index6529.html]
[jobify-demos.astoundify.com/extended/index1905.html]
[jobify-demos.astoundify.com/extended/canada-adds-12500-jobs-in-modest-july-rebound/index3081.html]
[jobify-demos.astoundify.com/extended/resume/paul-richards/index62e6.html]
[jobify-demos.astoundify.com/extended/resume-skill/development/feed/index.html]
[jobify-demos.astoundify.com/extended/resume-skill/writing/feed/index.html]
[jobify-demos.astoundify.com/extended/canada-adds-12500-jobs-in-modest-july-rebound/index9f21.html]
[jobify-demos.astoundify.com/extended/canada-adds-12500-jobs-in-modest-july-rebound/index386f.html]
[jobify-demos.astoundify.com/extended/canada-adds-12500-jobs-in-modest-july-rebound/index5a58.html]
[jobify-demos.astoundify.com/extended/canada-adds-12500-jobs-in-modest-july-rebound/index9a7b.html]
[jobify-demos.astoundify.com/extended/index13c2.html]
[jobify-demos.astoundify.com/extended/canada-adds-12500-jobs-in-modest-july-rebound-which-is-a-good-sign/index3081.html]
[jobify-demos.astoundify.com/extended/canada-adds-12500-jobs-in-modest-july-rebound-which-is-a-good-sign/index9f21.html]
[jobify-demos.astoundify.com/extended/canada-adds-12500-jobs-in-modest-july-rebound-which-is-a-good-sign/index386f.html]
[jobify-demos.astoundify.com/extended/canada-adds-12500-jobs-in-modest-july-rebound-which-is-a-good-sign/index5a58.html]
[jobify-demos.astoundify.com/extended/canada-adds-12500-jobs-in-modest-july-rebound-which-is-a-good-sign/index9a7b.html]
[jobify-demos.astoundify.com/extended/index2ec6.html]
[jobify-demos.astoundify.com/extended/fitness-industry-leading-the-charge-on-hiring-in-the-uk-and-ireland/index3081.html]
[jobify-demos.astoundify.com/extended/canada-adds-12500-jobs-in-modest-july-rebound/index62e6.html]
[jobify-demos.astoundify.com/extended/fitness-industry-leading-the-charge-on-hiring-in-the-uk-and-ireland/index9f21.html]
[jobify-demos.astoundify.com/extended/fitness-industry-leading-the-charge-on-hiring-in-the-uk-and-ireland/index386f.html]
[jobify-demos.astoundify.com/extended/fitness-industry-leading-the-charge-on-hiring-in-the-uk-and-ireland/index5a58.html]
[jobify-demos.astoundify.com/extended/fitness-industry-leading-the-charge-on-hiring-in-the-uk-and-ireland/index9a7b.html]
[17314-presscdn-0-16-pagely.netdna-ssl.com/extended/wp-content/plugins/jetpack-sharing/genericons/genericons/Genericons.svg]
[jobify-demos.astoundify.com/extended/canada-adds-12500-jobs-in-modest-july-rebound-which-is-a-good-sign/index62e6.html]
[17314-presscdn-0-16-pagely.netdna-ssl.com/extended/wp-content/uploads/sites/3/2016/04/blog-image-323.jpg]
[jobify-demos.astoundify.com/extended/wp-json/oembed/1.0/embedab4e.json]
[jobify-demos.astoundify.com/extended/fitness-industry-leading-the-charge-on-hiring-in-the-uk-and-ireland/index62e6.html]
[jobify-demos.astoundify.com/extended/wp-json/oembed/1.0/embed691c]
[jobify-demos.astoundify.com/extended/wp-loginf0bb.html]
[jobify-demos.astoundify.com/extended/job/web-designer-developer/index.html]
[jobify-demos.astoundify.com/extended/job-region/sacramento/index.html]
[jobify-demos.astoundify.com/extended/wp-json/oembed/1.0/embedb70d.json]
[jobify-demos.astoundify.com/extended/wp-json/oembed/1.0/embedf758]
[jobify-demos.astoundify.com/extended/wp-login6832.html]
[jobify-demos.astoundify.com/extended/job/ux-designer/index.html]
[jobify-demos.astoundify.com/extended/job-region/santa-rosa/index.html]
[jobify-demos.astoundify.com/extended/wp-json/oembed/1.0/embed959f.json]
[jobify-demos.astoundify.com/extended/wp-json/oembed/1.0/embed64cb]
[jobify-demos.astoundify.com/extended/wp-login5f57.html]
[jobify-demos.astoundify.com/extended/job/web-designer-front-end-developer/index.html]
[jobify-demos.astoundify.com/extended/job-region/kansas/index.html]
[jobify-demos.astoundify.com/extended/wp-json/oembed/1.0/embed0d0e.json]
[jobify-demos.astoundify.com/extended/wp-json/oembed/1.0/embed64f5]
[jobify-demos.astoundify.com/extended/wp-loginff8f.html]
[jobify-demos.astoundify.com/extended/job/product-designer/index.html]
[jobify-demos.astoundify.com/extended/job-region/san-francisco/index.html]
[jobify-demos.astoundify.com/extended/wp-json/oembed/1.0/embedb8a4.json]
[jobify-demos.astoundify.com/extended/wp-json/oembed/1.0/embed1127]
[jobify-demos.astoundify.com/extended/wp-logindb4d.html]
[jobify-demos.astoundify.com/extended/job/graphic-designer/index.html]
[jobify-demos.astoundify.com/extended/job/senior-designer/index.html]
[jobify-demos.astoundify.com/extended/wp-json/oembed/1.0/embed7253.json]
[jobify-demos.astoundify.com/extended/wp-json/oembed/1.0/embed055d]
[jobify-demos.astoundify.com/extended/wp-login2d27.html]
[jobify-demos.astoundify.com/extended/job/design-technologist-shopping-innovation/index.html]
[jobify-demos.astoundify.com/extended/wp-json/oembed/1.0/embed53d1.json]
[jobify-demos.astoundify.com/extended/wp-json/oembed/1.0/embedf4c2]
[jobify-demos.astoundify.com/extended/wp-login6232.html]
[jobify-demos.astoundify.com/extended/job/front-end-engineer/index.html]
[jobify-demos.astoundify.com/extended/job-region/palo-alto/index.html]
[jobify-demos.astoundify.com/extended/wp-json/oembed/1.0/embedbeda.json]
[jobify-demos.astoundify.com/extended/wp-json/oembed/1.0/embed3df6]
[jobify-demos.astoundify.com/extended/wp-logind07b.html]
[jobify-demos.astoundify.com/extended/job/user-experience-designer-lead-systems-analyst/index.html]
[jobify-demos.astoundify.com/extended/job-region/mountain-view/index.html]
[jobify-demos.astoundify.com/extended/wp-json/oembed/1.0/embed0df9.json]
[jobify-demos.astoundify.com/extended/wp-json/oembed/1.0/embed7cff]
[jobify-demos.astoundify.com/extended/wp-login43b6.html]
[jobify-demos.astoundify.com/extended/job/graphicweb-designer/index.html]
[jobify-demos.astoundify.com/extended/wp-json/oembed/1.0/embed0652.json]
[jobify-demos.astoundify.com/extended/wp-json/oembed/1.0/embed5963]
[jobify-demos.astoundify.com/extended/wp-loginac84.html]
[jobify-demos.astoundify.com/extended/job/graphic-designer-4/index.html]
[jobify-demos.astoundify.com/extended/wp-json/oembed/1.0/embedf8d6.json]
[jobify-demos.astoundify.com/extended/wp-json/oembed/1.0/embedc920]
[jobify-demos.astoundify.com/extended/wp-loginfc5c.html]
[jobify-demos.astoundify.com/extended/job/interactive-designer-2/index.html]
[jobify-demos.astoundify.com/extended/wp-json/oembed/1.0/embedaf75.json]
[jobify-demos.astoundify.com/extended/wp-json/oembed/1.0/embedff94]
[jobify-demos.astoundify.com/extended/wp-loginb6ed.html]
[jobify-demos.astoundify.com/extended/job/marketing-director/index.html]
[jobify-demos.astoundify.com/extended/job-category/marketing/index.html]
[jobify-demos.astoundify.com/extended/wp-json/oembed/1.0/embed7cf4.json]
[jobify-demos.astoundify.com/extended/wp-json/oembed/1.0/embed103a]
[jobify-demos.astoundify.com/extended/wp-loginf09d.html]
[jobify-demos.astoundify.com/extended/job/graphic-designer-3/index.html]
[jobify-demos.astoundify.com/extended/wp-json/oembed/1.0/embed892a.json]
[jobify-demos.astoundify.com/extended/wp-json/oembed/1.0/embed83e1]
[jobify-demos.astoundify.com/extended/wp-loginc593.html]
[jobify-demos.astoundify.com/extended/job/website-designer/index.html]
[jobify-demos.astoundify.com/extended/wp-json/oembed/1.0/embed38cb.json]
[jobify-demos.astoundify.com/extended/wp-json/oembed/1.0/embed52cc]
[jobify-demos.astoundify.com/extended/wp-login9570.html]
[jobify-demos.astoundify.com/extended/job/ui-web-designer/index.html]
[jobify-demos.astoundify.com/extended/wp-includes/fonts/dashicons.eot]
[jobify-demos.astoundify.com/extended/wp-admin/images/loading.gif]
[jobify-demos.astoundify.com/extended/wp-admin/images/w-logo-blue7a53.png]
[jobify-demos.astoundify.com/extended/wp-admin/load-styles8258.css]
[17314-presscdn-0-16-pagely.netdna-ssl.com/extended/wp-content/plugins/wp-job-manager/assets/css/job-submission9786.css]
[jobify-demos.astoundify.com/extended/indexdccb.html]
[jobify-demos.astoundify.com/extended/middle-class-jobs-are-being-replaced-by-burger-flipping-retail-sales-low-pay-jobs-4/index3081.html]
[jobify-demos.astoundify.com/extended/middle-class-jobs-are-being-replaced-by-burger-flipping-retail-sales-low-pay-jobs-4/index9f21.html]
[jobify-demos.astoundify.com/extended/middle-class-jobs-are-being-replaced-by-burger-flipping-retail-sales-low-pay-jobs-4/index386f.html]
[jobify-demos.astoundify.com/extended/middle-class-jobs-are-being-replaced-by-burger-flipping-retail-sales-low-pay-jobs-4/index5a58.html]
[jobify-demos.astoundify.com/extended/middle-class-jobs-are-being-replaced-by-burger-flipping-retail-sales-low-pay-jobs-4/index9a7b.html]
[jobify-demos.astoundify.com/extended/index9437.html]
[jobify-demos.astoundify.com/extended/do-you-have-a-job-that-the-average-person-doesnt-even-know-exists/index3081.html]
[jobify-demos.astoundify.com/extended/do-you-have-a-job-that-the-average-person-doesnt-even-know-exists/index9f21.html]
[jobify-demos.astoundify.com/extended/do-you-have-a-job-that-the-average-person-doesnt-even-know-exists/index386f.html]
[jobify-demos.astoundify.com/extended/do-you-have-a-job-that-the-average-person-doesnt-even-know-exists/index5a58.html]
[jobify-demos.astoundify.com/extended/do-you-have-a-job-that-the-average-person-doesnt-even-know-exists/index9a7b.html]
[jobify-demos.astoundify.com/extended/index64d2.html]
[jobify-demos.astoundify.com/extended/middle-class-jobs-are-being-replaced-by-burger-flipping-retail-sales-low-pay-jobs-2/index3081.html]
[jobify-demos.astoundify.com/extended/wp-admin/images/wordpress-logo7d6b.svg]
[jobify-demos.astoundify.com/extended/middle-class-jobs-are-being-replaced-by-burger-flipping-retail-sales-low-pay-jobs-2/index9f21.html]
[jobify-demos.astoundify.com/extended/middle-class-jobs-are-being-replaced-by-burger-flipping-retail-sales-low-pay-jobs-2/index386f.html]
[jobify-demos.astoundify.com/extended/middle-class-jobs-are-being-replaced-by-burger-flipping-retail-sales-low-pay-jobs-2/index5a58.html]
[jobify-demos.astoundify.com/extended/middle-class-jobs-are-being-replaced-by-burger-flipping-retail-sales-low-pay-jobs-2/index9a7b.html]
[jobify-demos.astoundify.com/extended/index37d5.html]
[jobify-demos.astoundify.com/extended/middle-class-jobs-are-being-replaced-by-burger-flipping-retail-sales-low-pay-jobs/index3081.html]
[jobify-demos.astoundify.com/extended/middle-class-jobs-are-being-replaced-by-burger-flipping-retail-sales-low-pay-jobs-4/index62e6.html]
[jobify-demos.astoundify.com/extended/middle-class-jobs-are-being-replaced-by-burger-flipping-retail-sales-low-pay-jobs/index9f21.html]
[jobify-demos.astoundify.com/extended/middle-class-jobs-are-being-replaced-by-burger-flipping-retail-sales-low-pay-jobs/index386f.html]
[jobify-demos.astoundify.com/extended/middle-class-jobs-are-being-replaced-by-burger-flipping-retail-sales-low-pay-jobs/index5a58.html]
[jobify-demos.astoundify.com/extended/middle-class-jobs-are-being-replaced-by-burger-flipping-retail-sales-low-pay-jobs/index9a7b.html]
[jobify-demos.astoundify.com/extended/indexa15c.html]
[jobify-demos.astoundify.com/extended/product-category/coffee/index.html]
[jobify-demos.astoundify.com/extended/do-you-have-a-job-that-the-average-person-doesnt-even-know-exists/index62e6.html]
[jobify-demos.astoundify.com/extended/middle-class-jobs-are-being-replaced-by-burger-flipping-retail-sales-low-pay-jobs-2/index62e6.html]
[jobify-demos.astoundify.com/extended/middle-class-jobs-are-being-replaced-by-burger-flipping-retail-sales-low-pay-jobs/index62e6.html]
[jobify-demos.astoundify.com/extended/product-tag/coffee/index.html]
[jobify-demos.astoundify.com/extended/index869f.html]
[jobify-demos.astoundify.com/extended/product-category/spirits/index.html]
